<?xml version="1.0" encoding="UTF-8"?>
<testsuites name="Mocha Tests" time="0.002" tests="1" failures="1">
  <testsuite name="Root Suite" timestamp="2018-10-22T17:11:49" tests="0" failures="0" time="0">
  </testsuite>
  <testsuite name="postDataPenjualan" timestamp="2018-10-22T17:11:49" tests="1" file="C:\Users\TelkomDDS\Documents\TELKOM\bulir-api-new\test\module\CoreService\repositories\commands\domain_test.js" failures="1" time="0.002">
    <testcase name="postDataPenjualan Should return post Data Penjualan" time="0.002" classname="Should return post Data Penjualan">
      <failure><![CDATA[ReferenceError: db is not defined
    at Context.it (test\module\CoreService\repositories\commands\domain_test.js:32:16)]]></failure>
    </testcase>
  </testsuite>
</testsuites>